[root@master-0 ~]# ls
1interface-macvlan-bridge-v6.yaml  macvlan-bridge-v6.yaml  pod.yaml
[root@master-0 ~]# oc create -f macvlan-bridge-v6.yaml
networkattachmentdefinition.k8s.cni.cncf.io/macvlan-bridge-v6 created
[root@master-0 ~]# oc create -f 1interface-macvlan-bridge-v6.yaml
pod/macvlan-bridge-pod-v65trqx created
[root@master-0 ~]# 
[root@master-0 ~]# oc rsh macvlan-bridge-pod-v65trqx
sh-4.2# ip a     
1: lo: <LOOPBACK,UP,LOWER_UP> mtu 65536 qdisc noqueue state UNKNOWN group default qlen 1000
    link/loopback 00:00:00:00:00:00 brd 00:00:00:00:00:00
    inet 127.0.0.1/8 scope host lo
       valid_lft forever preferred_lft forever
    inet6 ::1/128 scope host 
       valid_lft forever preferred_lft forever
3: eth0@if116: <BROADCAST,MULTICAST,UP,LOWER_UP> mtu 1400 qdisc noqueue state UP group default 
    link/ether 6a:f4:ca:00:00:70 brd ff:ff:ff:ff:ff:ff link-netnsid 0
    inet6 fd01::5:68f4:caff:fe00:70/64 scope global 
       valid_lft forever preferred_lft forever
    inet6 fe80::68f4:caff:fe00:70/64 scope link 
       valid_lft forever preferred_lft forever
4: net1@if2: <BROADCAST,MULTICAST,UP,LOWER_UP> mtu 1500 qdisc noqueue state UP group default 
    link/ether fe:e1:38:b2:a4:35 brd ff:ff:ff:ff:ff:ff link-netnsid 0
    inet6 fd00::22:2:2:103/112 scope global 
       valid_lft forever preferred_lft forever
    inet6 fe80::fce1:38ff:feb2:a435/64 scope link 
       valid_lft forever preferred_lft forever
sh-4.2# ip -d link     
1: lo: <LOOPBACK,UP,LOWER_UP> mtu 65536 qdisc noqueue state UNKNOWN mode DEFAULT group default qlen 1000
    link/loopback 00:00:00:00:00:00 brd 00:00:00:00:00:00 promiscuity 0 addrgenmode eui64 numtxqueues 1 numrxqueues 1 gso_max_size 65536 gso_max_segs 65535 
3: eth0@if116: <BROADCAST,MULTICAST,UP,LOWER_UP> mtu 1400 qdisc noqueue state UP mode DEFAULT group default 
    link/ether 6a:f4:ca:00:00:70 brd ff:ff:ff:ff:ff:ff link-netnsid 0 promiscuity 0 
    veth addrgenmode eui64 numtxqueues 1 numrxqueues 1 gso_max_size 65536 gso_max_segs 65535 
4: net1@if2: <BROADCAST,MULTICAST,UP,LOWER_UP> mtu 1500 qdisc noqueue state UP mode DEFAULT group default 
    link/ether fe:e1:38:b2:a4:35 brd ff:ff:ff:ff:ff:ff link-netnsid 0 promiscuity 0 
    macvlan mode bridge addrgenmode eui64 numtxqueues 1 numrxqueues 1 gso_max_size 65536 gso_max_segs 65535 
sh-4.2# 

[root@master-0 ~]# oc create -f 1interface-macvlan-bridge-v6.yaml
pod/macvlan-bridge-pod-v68sb2n created
[root@master-0 ~]# oc get pod
NAME                         READY   STATUS    RESTARTS   AGE
macvlan-bridge-pod-v65trqx   1/1     Running   0          2m26s
macvlan-bridge-pod-v68sb2n   1/1     Running   0          11s
[root@master-0 ~]# oc rsh macvlan-bridge-pod-v68sb2n
sh-4.2# ip a
1: lo: <LOOPBACK,UP,LOWER_UP> mtu 65536 qdisc noqueue state UNKNOWN group default qlen 1000
    link/loopback 00:00:00:00:00:00 brd 00:00:00:00:00:00
    inet 127.0.0.1/8 scope host lo
       valid_lft forever preferred_lft forever
    inet6 ::1/128 scope host 
       valid_lft forever preferred_lft forever
3: eth0@if117: <BROADCAST,MULTICAST,UP,LOWER_UP> mtu 1400 qdisc noqueue state UP group default 
    link/ether 6a:f4:ca:00:00:71 brd ff:ff:ff:ff:ff:ff link-netnsid 0
    inet6 fd01::5:68f4:caff:fe00:71/64 scope global 
       valid_lft forever preferred_lft forever
    inet6 fe80::68f4:caff:fe00:71/64 scope link 
       valid_lft forever preferred_lft forever
4: net1@if2: <BROADCAST,MULTICAST,UP,LOWER_UP> mtu 1500 qdisc noqueue state UP group default 
    link/ether d2:19:81:aa:a3:f0 brd ff:ff:ff:ff:ff:ff link-netnsid 0
    inet6 fd00::22:2:2:104/112 scope global 
       valid_lft forever preferred_lft forever
    inet6 fe80::d019:81ff:feaa:a3f0/64 scope link 
       valid_lft forever preferred_lft forever
sh-4.2# curl -6 [fd00::22:2:2:103]:8080
curl: (3) [globbing] error: bad range specification after pos 2
sh-4.2# curl -6 [fd00::22:2:2:104]:8080
curl: (3) [globbing] error: bad range specification after pos 2
sh-4.2# 
sh-4.2# curl -g [fd00::22:2:2:103]:8080
Hello OpenShift!
sh-4.2# curl -g [fd00::22:2:2:104]:8080
Hello OpenShift!
sh-4.2# 

